  正在确定要还原的项目…
  所有项目均是最新的，无法还原。
C:\Users\qs\godot\my-team\tests\GrowthRunContractSmoke.cs(76,25): warning CS8602: 解引用可能出现空引用。 [C:\Users\qs\godot\my-team\my-team.csproj]
C:\Users\qs\godot\my-team\tests\GrowthJourneyDiagnostics.cs(99,32): warning CS8602: 解引用可能出现空引用。 [C:\Users\qs\godot\my-team\my-team.csproj]
C:\Users\qs\godot\my-team\tests\GrowthJourneyDiagnostics.cs(160,21): warning CS8602: 解引用可能出现空引用。 [C:\Users\qs\godot\my-team\my-team.csproj]
C:\Users\qs\godot\my-team\tests\GrowthWorkbenchInputSmoke.cs(53,21): warning CS8602: 解引用可能出现空引用。 [C:\Users\qs\godot\my-team\my-team.csproj]
C:\Users\qs\godot\my-team\tests\GrowthWorkbenchInputSmoke.cs(57,21): warning CS8602: 解引用可能出现空引用。 [C:\Users\qs\godot\my-team\my-team.csproj]
C:\Users\qs\godot\my-team\tests\GrowthWorkbenchInputSmoke.cs(61,63): warning CS8602: 解引用可能出现空引用。 [C:\Users\qs\godot\my-team\my-team.csproj]
C:\Users\qs\godot\my-team\tests\GrowthWorkbenchInputSmoke.cs(65,21): warning CS8602: 解引用可能出现空引用。 [C:\Users\qs\godot\my-team\my-team.csproj]
C:\Users\qs\godot\my-team\tests\GrowthRunContractSmoke.cs(168,13): warning CS8602: 解引用可能出现空引用。 [C:\Users\qs\godot\my-team\my-team.csproj]
  my-team -> C:\Users\qs\godot\my-team\.godot\mono\temp\bin\Debug\my-team.dll

已成功生成。

C:\Users\qs\godot\my-team\tests\GrowthRunContractSmoke.cs(76,25): warning CS8602: 解引用可能出现空引用。 [C:\Users\qs\godot\my-team\my-team.csproj]
C:\Users\qs\godot\my-team\tests\GrowthJourneyDiagnostics.cs(99,32): warning CS8602: 解引用可能出现空引用。 [C:\Users\qs\godot\my-team\my-team.csproj]
C:\Users\qs\godot\my-team\tests\GrowthJourneyDiagnostics.cs(160,21): warning CS8602: 解引用可能出现空引用。 [C:\Users\qs\godot\my-team\my-team.csproj]
C:\Users\qs\godot\my-team\tests\GrowthWorkbenchInputSmoke.cs(53,21): warning CS8602: 解引用可能出现空引用。 [C:\Users\qs\godot\my-team\my-team.csproj]
C:\Users\qs\godot\my-team\tests\GrowthWorkbenchInputSmoke.cs(57,21): warning CS8602: 解引用可能出现空引用。 [C:\Users\qs\godot\my-team\my-team.csproj]
C:\Users\qs\godot\my-team\tests\GrowthWorkbenchInputSmoke.cs(61,63): warning CS8602: 解引用可能出现空引用。 [C:\Users\qs\godot\my-team\my-team.csproj]
C:\Users\qs\godot\my-team\tests\GrowthWorkbenchInputSmoke.cs(65,21): warning CS8602: 解引用可能出现空引用。 [C:\Users\qs\godot\my-team\my-team.csproj]
C:\Users\qs\godot\my-team\tests\GrowthRunContractSmoke.cs(168,13): warning CS8602: 解引用可能出现空引用。 [C:\Users\qs\godot\my-team\my-team.csproj]
    8 个警告
    0 个错误

已用时间 00:00:04.74

=== GrowthRunContractSmoke ===
Godot Engine v4.7.stable.mono.official.5b4e0cb0f - https://godotengine.org

GROWTH_RUN_CONTRACT_OK commands rollback freeze retry settlement clone migration discovery materials
WARNING: 2 ObjectDB instances were leaked at exit (run with `--verbose` for details).
   at: cleanup (core/object/object.cpp:2535)
ERROR: 2 resources still in use at exit (run with --verbose for details).
   at: clear (core/io/resource.cpp:822)
